// Jest Snapshot v1, https://goo.gl/fbAQLP

exports[`Test in <ButtonRow /> should ButtonRow the component correctly 1`] = `
<div
  className="button-row"
/>
`;
