// Jest Snapshot v1, https://goo.gl/fbAQLP

exports[`Test in <Display /> should Display the component correctly 1`] = `
<div
  className="bg-display"
>
  <h1>
     
    5
  </h1>
</div>
`;
